LINK : warning L4021: no stack segment

 Start  Stop   Length Name                   Class
 00000H 00928H 00929H DATA                   DATA
 0092AH 00955H 0002CH @ALPHA                 DATA
 00956H 01397H 00A42H _MWLITERALS            DATA
 01398H 013B0H 00019H @CONINQ                DATA
 013B2H 01530H 0017FH @INIT                  DATA
 01532H 01559H 00028H @INCLUDE               DATA
 0155AH 01561H 00008H @PRIMATTR              DATA
 01562H 015B2H 00051H @DOWNFONT              DATA
 015B4H 0167DH 000CAH @UTILITY               DATA
 0167EH 04FC5H 03948H @DATA                  DATA
 04FC6H 0545BH 00496H CODE                   CODE
 0545CH 054F2H 00097H DISPATCH               CODE
 054F4H 05973H 00480H ALPHA                  CODE
 05974H 060CBH 00758H CONINQ                 CODE
 060CCH 069E5H 0091AH INIT                   CODE
 069E6H 0705EH 00679H INCLUDE                CODE
 07060H 07BEDH 00B8EH PRIMATTR               CODE
 07BEEH 07EB7H 002CAH DOWNFONT               CODE
 07EB8H 08561H 006AAH GRAPHICS               CODE
 08562H 08EB7H 00956H IMAGE                  CODE
 08EB8H 093DAH 00523H UTILITY                CODE

 Origin   Group
 04FC:0   CGROUP
 0000:0   DGROUP

Program entry point at 04FC:0006
