Contents:
---------

copying      - GNU license file
ctmouse.asm  - CuteMouse source code
ctm-en.msg   - CuteMouse source file with messages in English
ctm-*.msg    - messages in other languages
com2exe.exe  - .COM file to .EXE file converter executable
makefile     - MAKE's script file for rebuilding CTMOUSE.EXE
national.bat - batch file to compile any language version of CuteMouse
alllang.bat  - batch file to compile all language versions of CuteMouse
asmlib.cfg   - configuration file for makefile and batch files
ctmouse.exe  - CuteMouse driver executable packed by aPACK with English
		messages
ctm-*.exe    - CuteMouse driver executables packed by aPACK with other
		language messages
ctmouse.txt  - this file
history.txt  - detailed version history
protocol.txt - description of some low level mouse protocols
technote.txt - technical notes for advanced users

UNPACKED\
ctm-*.exe    - CuteMouse driver executables in original unpacked form

ASMLIB\
*.*	     - assembler source library files

UTILITY\
makefile     - MAKE's script file for rebuilding utilities
comtest.asm  - COMs port tester source
comtest.com  - COMs port tester executable
mousetst.cpp - mouse test example source (written under BC++ 3.1)
mousetst.com - mouse test example executable
protocol.asm - protocol analyzer source
protocol.com - protocol analyzer executable
